[00:24:03] [ServerMain/INFO]: [bootstrap] Running Java 21 (OpenJDK 64-Bit Server VM 21.0.10+7-LTS; Microsoft Microsoft-13106404) on Windows 11 10.0 (amd64)
[00:24:03] [ServerMain/INFO]: [bootstrap] Loading Paper 1.21.1-133-ver/1.21.1@3cb8529 (2025-03-28T16:14:36Z) for Minecraft 1.21.1
[00:24:04] [ServerMain/INFO]: [PluginInitializerManager] Initializing plugins...
[00:24:05] [ServerMain/INFO]: [PluginInitializerManager] Initialized 1 plugin
[00:24:05] [ServerMain/INFO]: [PluginInitializerManager] Bukkit plugins (1):
 - EventUtils (1.0.0)
[00:24:10] [ServerMain/INFO]: Environment: Environment[sessionHost=https://sessionserver.mojang.com, servicesHost=https://api.minecraftservices.com, name=PROD]
[00:24:12] [ServerMain/INFO]: Loaded 1290 recipes
[00:24:12] [ServerMain/INFO]: Loaded 1399 advancements
[00:24:13] [Server thread/INFO]: Starting minecraft server version 1.21.1
[00:24:13] [Server thread/INFO]: Loading properties
[00:24:13] [Server thread/INFO]: This server is running Paper version 1.21.1-133-ver/1.21.1@3cb8529 (2025-03-28T16:14:36Z) (Implementing API version 1.21.1-R0.1-SNAPSHOT)
[00:24:14] [Server thread/INFO]: [spark] This server bundles the spark profiler. For more information please visit https://docs.papermc.io/paper/profiling
[00:24:14] [Server thread/INFO]: Server Ping Player Sample Count: 12
[00:24:14] [Server thread/INFO]: Using 4 threads for Netty based IO
[00:24:15] [Server thread/INFO]: [ChunkTaskScheduler] Chunk system is using 1 I/O threads, 4 worker threads, and population gen parallelism of 4 threads
[00:24:15] [Server thread/INFO]: Default game type: SURVIVAL
[00:24:15] [Server thread/INFO]: Generating keypair
[00:24:15] [Server thread/INFO]: Starting Minecraft server on *:25565
[00:24:15] [Server thread/INFO]: Using default channel type
[00:24:15] [Server thread/INFO]: Paper: Using Java compression from Velocity.
[00:24:15] [Server thread/INFO]: Paper: Using Java cipher from Velocity.
[00:24:15] [Server thread/INFO]: [EventUtils] Loading server plugin EventUtils v1.0.0
[00:24:15] [Server thread/INFO]: Server permissions file permissions.yml is empty, ignoring it
[00:24:15] [Server thread/INFO]: [EventUtils] Enabling EventUtils v1.0.0
[00:24:15] [Server thread/WARN]: [EventUtils] Could not save blocked_recipes.yml to plugins\EventUtils\blocked_recipes.yml because blocked_recipes.yml already exists.
[00:24:15] [Server thread/INFO]: [EventUtils] Recipes Removed for items: []
[00:24:15] [Server thread/WARN]: [EventUtils] Could not save blocked_loot.yml to plugins\EventUtils\blocked_loot.yml because blocked_loot.yml already exists.
[00:24:15] [Server thread/INFO]: [EventUtils] Items Removed from Loot Tables: []
[00:24:15] [Server thread/INFO]: [EventUtils] PlaceHolder API is not installed. You will not be able to use the placeholders this plugin provides.
[00:24:15] [Server thread/INFO]: [EventUtils] V1.0.0 Enabled
[00:24:15] [Server thread/INFO]: Preparing level "world"
[00:24:16] [Server thread/INFO]: Preparing start region for dimension minecraft:overworld
[00:24:17] [Server thread/INFO]: Time elapsed: 1383 ms
[00:24:17] [Server thread/INFO]: Preparing start region for dimension minecraft:the_nether
[00:24:17] [Server thread/INFO]: Time elapsed: 103 ms
[00:24:17] [Server thread/INFO]: Preparing start region for dimension minecraft:the_end
[00:24:17] [Server thread/INFO]: Time elapsed: 76 ms
[00:24:18] [Server thread/INFO]: [spark] Starting background profiler...
[00:24:18] [Server thread/INFO]: [spark] The async-profiler engine is not supported for your os/arch (windows11/amd64), so the built-in Java engine will be used instead.
[00:24:18] [Server thread/INFO]: Done preparing level "world" (2.274s)
[00:24:18] [Server thread/INFO]: Running delayed init tasks
[00:24:18] [Server thread/INFO]: Done (15.976s)! For help, type "help"
[00:24:18] [Server thread/INFO]: Timings Reset
[00:24:21] [User Authenticator #0/INFO]: UUID of player Manuxs_08 is 49504311-2a21-4afb-9804-8963d0dbbe5e
[00:24:22] [Server thread/INFO]: Manuxs_08 joined the game
[00:24:22] [Server thread/INFO]: Manuxs_08[/127.0.0.1:60344] logged in with entity id 43 at ([world]48.00983069048697, 172.0, 95.11531148341513)
[00:24:51] [Server thread/INFO]: Manuxs_08 issued server command: /utils send @a String "1m 10s" timer.time
[00:25:00] [Server thread/INFO]: Manuxs_08 issued server command: /utils send @a String "" timer.time
[00:25:15] [Server thread/INFO]: Manuxs_08 issued server command: /utils send @a[team=beyaco] String "" timer.time
[00:25:18] [Server thread/INFO]: Manuxs_08 issued server command: /utils send @a String "" timer.time
[00:25:21] [Server thread/INFO]: Manuxs_08 issued server command: /team list
[00:25:28] [Server thread/INFO]: Manuxs_08 issued server command: /team join beyaco
[00:25:28] [Server thread/INFO]: [Manuxs_08: Added Manuxs_08 to team [Beyaco]]
[00:25:30] [Server thread/INFO]: Manuxs_08 issued server command: /utils send @a[team=beyaco] String "" timer.time
[00:25:38] [Server thread/INFO]: Manuxs_08 issued server command: /utils send @a[team=beyaco] String "1m" timer.time
[00:25:43] [Server thread/INFO]: Manuxs_08 issued server command: /utils send @a String "" timer.time
[00:25:46] [Server thread/INFO]: Manuxs_08 issued server command: /team leave Manuxs_08
[00:25:46] [Server thread/INFO]: [Manuxs_08: Removed Manuxs_08 from any team]
[00:25:49] [Server thread/INFO]: Manuxs_08 issued server command: /utils send @a[team=beyaco] String "1m" timer.time
[00:25:50] [Server thread/INFO]: Manuxs_08 issued server command: /utils send @a[team=beyaco] String "1m" timer.time
[00:25:55] [Server thread/INFO]: Manuxs_08 issued server command: /team join beyaco
[00:25:55] [Server thread/INFO]: [Manuxs_08: Added Manuxs_08 to team [Beyaco]]
[00:25:56] [Server thread/INFO]: Manuxs_08 issued server command: /utils send @a[team=beyaco] String "1m" timer.time
[00:26:00] [Server thread/INFO]: Manuxs_08 issued server command: /utils timer stop
[00:26:00] [Server thread/INFO]: [SerializedInstruction]category:timer.time;variable_type:String;value:
[00:26:04] [Server thread/INFO]: Manuxs_08 issued server command: /utils timer description hola
[00:26:04] [Server thread/INFO]: [SerializedInstruction]category:timer.description;variable_type:String;value:hola
[00:26:09] [Server thread/INFO]: Manuxs_08 issued server command: /utils timer start 1h 2m
[00:26:09] [Server thread/INFO]: [SerializedInstruction]category:timer.time;variable_type:String;value:1h 2m
[00:26:22] [Server thread/INFO]: Manuxs_08 issued server command: /utils timer stop
[00:26:22] [Server thread/INFO]: [SerializedInstruction]category:timer.time;variable_type:String;value:
[00:26:23] [Server thread/INFO]: Manuxs_08 lost connection: Disconnected
[00:26:23] [Server thread/INFO]: Manuxs_08 left the game
[00:26:34] [Server thread/INFO]: Stopping the server
[00:26:35] [Server thread/INFO]: Stopping server
[00:26:35] [Server thread/INFO]: [EventUtils] Disabling EventUtils v1.0.0
[00:26:35] [Server thread/INFO]: Saving players
[00:26:35] [Server thread/INFO]: Saving worlds
[00:26:35] [Server thread/INFO]: Saving chunks for level 'ServerLevel[world]'/minecraft:overworld
[00:26:35] [Server thread/INFO]: [ChunkHolderManager] Waiting 60s for chunk system to halt for world 'world'
[00:26:35] [Server thread/INFO]: [ChunkHolderManager] Halted chunk system for world 'world'
[00:26:35] [Server thread/INFO]: [ChunkHolderManager] Saving all chunkholders for world 'world'
[00:26:36] [Server thread/INFO]: [ChunkHolderManager] Saved 600 block chunks, 600 entity chunks, 1 poi chunks in world 'world' in 1.39s
[00:26:36] [Server thread/INFO]: Saving chunks for level 'ServerLevel[world_nether]'/minecraft:the_nether
[00:26:36] [Server thread/INFO]: [ChunkHolderManager] Waiting 60s for chunk system to halt for world 'world_nether'
[00:26:36] [Server thread/INFO]: [ChunkHolderManager] Halted chunk system for world 'world_nether'
[00:26:36] [Server thread/INFO]: [ChunkHolderManager] Saving all chunkholders for world 'world_nether'
[00:26:36] [Server thread/INFO]: [ChunkHolderManager] Saved 49 block chunks, 49 entity chunks, 0 poi chunks in world 'world_nether' in 0.07s
[00:26:36] [Server thread/INFO]: Saving chunks for level 'ServerLevel[world_the_end]'/minecraft:the_end
[00:26:36] [Server thread/INFO]: [ChunkHolderManager] Waiting 60s for chunk system to halt for world 'world_the_end'
[00:26:36] [Server thread/INFO]: [ChunkHolderManager] Halted chunk system for world 'world_the_end'
[00:26:36] [Server thread/INFO]: [ChunkHolderManager] Saving all chunkholders for world 'world_the_end'
[00:26:36] [Server thread/INFO]: [ChunkHolderManager] Saved 49 block chunks, 49 entity chunks, 0 poi chunks in world 'world_the_end' in 0.03s
[00:26:36] [Server thread/INFO]: ThreadedAnvilChunkStorage (world): All chunks are saved
[00:26:36] [Server thread/INFO]: ThreadedAnvilChunkStorage (DIM-1): All chunks are saved
[00:26:36] [Server thread/INFO]: ThreadedAnvilChunkStorage (DIM1): All chunks are saved
[00:26:36] [Server thread/INFO]: ThreadedAnvilChunkStorage: All dimensions are saved
